GCCcore/11.3.0
zlib/1.2.12-GCCcore-11.3.0
binutils/2.38-GCCcore-11.3.0
GCC/11.3.0
expat/2.4.8-GCCcore-11.3.0
CLHEP/2.4.6.2-GCC-11.3.0
OpenSSL/1.1
cURL/7.83.0-GCCcore-11.3.0
Xerces-C++/3.2.4-GCCcore-11.3.0
double-conversion/3.2.0-GCCcore-11.3.0
libffi/3.4.2-GCCcore-11.3.0
XZ/5.2.5-GCCcore-11.3.0
libxml2/2.9.13-GCCcore-11.3.0
ncurses/6.3-GCCcore-11.3.0
gettext/0.21-GCCcore-11.3.0
libxml2/2.9.13-GCCcore-11.3.0
bzip2/1.0.8-GCCcore-11.3.0
PCRE/8.45-GCCcore-11.3.0
util-linux/2.38-GCCcore-11.3.0
GLib/2.72.1-GCCcore-11.3.0
PCRE2/10.40-GCCcore-11.3.0
libpng/1.6.37-GCCcore-11.3.0
ICU/71.1-GCCcore-11.3.0
Brotli/1.0.9-GCCcore-11.3.0
freetype/2.12.1-GCCcore-11.3.0
pixman/0.40.0-GCCcore-11.3.0
fontconfig/2.14.0-GCCcore-11.3.0
xorg-macros/1.19.3-GCCcore-11.3.0
libpciaccess/0.16-GCCcore-11.3.0
X11/20220504-GCCcore-11.3.0
cairo/1.17.4-GCCcore-11.3.0
freetype/2.12.1-GCCcore-11.3.0
HarfBuzz/4.2.1-GCCcore-11.3.0
graphite2/1.3.14-GCCcore-11.3.0
X11/20220504-GCCcore-11.3.0
fontconfig/2.14.0-GCCcore-11.3.0
DBus/1.14.0-GCCcore-11.3.0
libevent/2.1.12-GCCcore-11.3.0
gzip/1.12-GCCcore-11.3.0
lz4/1.9.3-GCCcore-11.3.0
zstd/1.5.2-GCCcore-11.3.0
libdrm/2.4.110-GCCcore-11.3.0
libglvnd/1.4.0-GCCcore-11.3.0
libunwind/1.6.2-GCCcore-11.3.0
LLVM/12.0.1-GCCcore-11.3.0
Mesa/22.0.3-GCCcore-11.3.0
libGLU/9.0.2-GCCcore-11.3.0
NASM/2.15.05-GCCcore-11.3.0
libjpeg-turbo/2.1.3-GCCcore-11.3.0
NSPR/4.34-GCCcore-11.3.0
NSS/3.79-GCCcore-11.3.0
snappy/1.1.9-GCCcore-11.3.0
JasPer/2.0.33-GCCcore-11.3.0
bzip2/1.0.8-GCCcore-11.3.0
ICU/71.1-GCCcore-11.3.0
nodejs/16.15.1-GCCcore-11.3.0
Qt5/5.15.5-GCCcore-11.3.0
Geant4-data/11.1
Geant4/11.1.2-GCC-11.3.0
Geant4-data/11.1
libarchive/3.6.1-GCCcore-11.3.0
CMake/3.24.3-GCCcore-11.3.0
Loaded Geant and CMake
-- The C compiler identification is GNU 11.3.0
-- The CXX compiler identification is GNU 11.3.0
-- Detecting C compiler ABI info
-- Detecting C compiler ABI info - done
-- Check for working C compiler: /rds/bear-apps/2022a/EL8-ice/software/GCCcore/11.3.0/bin/cc - skipped
-- Detecting C compile features
-- Detecting C compile features - done
-- Detecting CXX compiler ABI info
-- Detecting CXX compiler ABI info - done
-- Check for working CXX compiler: /rds/bear-apps/2022a/EL8-ice/software/GCCcore/11.3.0/bin/c++ - skipped
-- Detecting CXX compile features
-- Detecting CXX compile features - done
-- Found EXPAT: /rds/bear-apps/2022a/EL8-ice/software/expat/2.4.8-GCCcore-11.3.0/lib/libexpat.so (found suitable version "2.4.8", minimum required is "2.4.8") 
-- Found ZLIB: /rds/bear-apps/2022a/EL8-ice/software/zlib/1.2.12-GCCcore-11.3.0/lib/libz.so (found suitable version "1.2.12", minimum required is "1.2.12") 
-- Performing Test CMAKE_HAVE_LIBC_PTHREAD
-- Performing Test CMAKE_HAVE_LIBC_PTHREAD - Failed
-- Check if compiler accepts -pthread
-- Check if compiler accepts -pthread - yes
-- Found Threads: TRUE  
-- Found XercesC: /rds/bear-apps/2022a/EL8-ice/software/Xerces-C++/3.2.4-GCCcore-11.3.0/lib/libxerces-c.so (found suitable version "3.2.4", minimum required is "3.2.4") 
-- Found X11: /rds/bear-apps/2022a/EL8-ice/software/X11/20220504-GCCcore-11.3.0/include   
-- Looking for XOpenDisplay in /rds/bear-apps/2022a/EL8-ice/software/X11/20220504-GCCcore-11.3.0/lib/libX11.so;/rds/bear-apps/2022a/EL8-ice/software/X11/20220504-GCCcore-11.3.0/lib/libXext.so
-- Looking for XOpenDisplay in /rds/bear-apps/2022a/EL8-ice/software/X11/20220504-GCCcore-11.3.0/lib/libX11.so;/rds/bear-apps/2022a/EL8-ice/software/X11/20220504-GCCcore-11.3.0/lib/libXext.so - found
-- Looking for gethostbyname
-- Looking for gethostbyname - found
-- Looking for connect
-- Looking for connect - found
-- Looking for remove
-- Looking for remove - found
-- Looking for shmat
-- Looking for shmat - found
-- Looking for IceConnectionNumber in ICE
-- Looking for IceConnectionNumber in ICE - found
-- Found OpenGL: /rds/bear-apps/2022a/EL8-ice/software/libglvnd/1.4.0-GCCcore-11.3.0/lib/libOpenGL.so   
-- Found Geant4: /rds/bear-apps/2022a/EL8-ice/software/Geant4/11.1.2-GCC-11.3.0/lib64/cmake/Geant4/Geant4Config.cmake (found version "11.1.2") 
-- Configuring done
-- Generating done
-- Build files have been written to: /rds/projects/b/bishopjw-dli-neutron/John/Geant/AmBe/build
[ 12%] Building CXX object CMakeFiles/AmBeStack.dir/AmBeMain.cc.o
[ 25%] Building CXX object CMakeFiles/AmBeStack.dir/src/ActionInitialization.cc.o
[ 37%] Building CXX object CMakeFiles/AmBeStack.dir/src/DetectorConstruction.cc.o
[ 50%] Building CXX object CMakeFiles/AmBeStack.dir/src/EventAction.cc.o
[ 62%] Building CXX object CMakeFiles/AmBeStack.dir/src/PrimaryGeneratorAction.cc.o
[ 75%] Building CXX object CMakeFiles/AmBeStack.dir/src/RunAction.cc.o
[ 87%] Building CXX object CMakeFiles/AmBeStack.dir/src/SteppingAction.cc.o
[100%] Linking CXX executable AmBeStack
[100%] Built target AmBeStack
Compiled successfully

=== Available physics lists on BB ===
  FTFP_BERT
  FTFP_BERT_TRV
  FTFP_BERT_ATL
  FTFP_BERT_HP
  FTFQGSP_BERT
  FTFP_INCLXX
  FTFP_INCLXX_HP
  FTF_BIC
  LBE
  QBBC
  QGSP_BERT
  QGSP_BERT_HP
  QGSP_BIC
  QGSP_BIC_HP
  QGSP_BIC_AllHP
  QGSP_FTFP_BERT
  QGSP_INCLXX
  QGSP_INCLXX_HP
  QGS_BIC
  Shielding
  ShieldingLEND
  ShieldingM
  NuBeam

**************************************************************
 Geant4 version Name: geant4-11-01-patch-02 [MT]   (15-June-2023)
  << in Multi-threaded mode >> 
                       Copyright : Geant4 Collaboration
                      References : NIM A 506 (2003), 250-303
                                 : IEEE-TNS 53 (2006), 270-278
                                 : NIM A 835 (2016), 186-225
                             WWW : http://geant4.org/
**************************************************************

G4PhysListFactory::GetReferencePhysList <QGSP_BIC_HP>  EMoption= 0
<<< Geant4 Physics List simulation engine: QGSP_BIC_HP


Coming from BuildForMaster
Coming from Construct
mass density of deut_benz: 0.954795 g/cm3
mass density of deut_benz: 0.954795 g/cm3
Total atoms per volume in deut_benz: 8.20903e+22 atoms/cm3
mass density of AmBe :2.927 g/cm3
Checking overlaps for volume Room_phys:0 (G4Box) ... OK! 
Checking overlaps for volume Stack_phys:0 (G4SubtractionSolid) ... OK! 
Checking overlaps for volume Det_Active_phys:0 (G4Tubs) ... OK! 
Checking overlaps for volume Det_Case_phys:0 (G4SubtractionSolid) ... OK! 
Checking overlaps for volume Shield_phys:0 (G4SubtractionSolid) ... OK! 
Checking overlaps for volume Source_Active_phys:0 (G4Tubs) ... OK! 
Checking overlaps for volume Source_Case_phys:0 (G4SubtractionSolid) ... OK! 
/rds/bear-apps/2022a/EL8-ice/software/Geant4-data/11.1/G4NDL4.7
@@@ G4ParticleHPInelastic instantiated for particle neutron data directory variable is G4NEUTRONHPDATA pointing to /rds/bear-apps/2022a/EL8-ice/software/Geant4-data/11.1/G4NDL4.7/Inelastic
@@@ G4ParticleHPInelasticData instantiated for particle neutron data directory variable is G4NEUTRONHPDATA pointing to /rds/bear-apps/2022a/EL8-ice/software/Geant4-data/11.1/G4NDL4.7
NeutronHP: /Capture file for Z = 6, A = 12 is not found and NeutronHP will use /rds/bear-apps/2022a/EL8-ice/software/Geant4-data/11.1/G4NDL4.7/Capture/CrossSection/6_nat_Carbon
NeutronHP: /Elastic file for Z = 6, A = 12 is not found and NeutronHP will use /rds/bear-apps/2022a/EL8-ice/software/Geant4-data/11.1/G4NDL4.7/Elastic/CrossSection/6_nat_Carbon
NeutronHP: /Inelastic file for Z = 6, A = 12 is not found and NeutronHP will use /rds/bear-apps/2022a/EL8-ice/software/Geant4-data/11.1/G4NDL4.7/Inelastic/CrossSection/6_nat_Carbon
=======================================================================
======                 Electromagnetic Physics Parameters      ========
=======================================================================
LPM effect enabled                                 1
Enable creation and use of sampling tables         0
Apply cuts on all EM processes                     0
Use combined TransportationWithMsc                 Disabled
Use general process                                1
Enable linear polarisation for gamma               0
Enable photoeffect sampling below K-shell          1
Enable sampling of quantum entanglement            0
X-section factor for integral approach             0.8
Min kinetic energy for tables                      100 eV 
Max kinetic energy for tables                      100 TeV
Number of bins per decade of a table               20
Verbose level                                      1
Verbose level for worker thread                    0
Bremsstrahlung energy threshold above which 
  primary e+- is added to the list of secondary    100 TeV
Bremsstrahlung energy threshold above which primary
  muon/hadron is added to the list of secondary    100 TeV
Lowest triplet kinetic energy                      1 MeV
Enable sampling of gamma linear polarisation       0
5D gamma conversion model type                     0
5D gamma conversion model on isolated ion          0
Livermore data directory                           epics_2017
=======================================================================
======                 Ionisation Parameters                   ========
=======================================================================
Step function for e+-                              (0.2, 0.01 mm)
Step function for muons/hadrons                    (0.1, 0.05 mm)
Step function for light ions                       (0.1, 0.02 mm)
Step function for general ions                     (0.1, 0.001 mm)
Lowest e+e- kinetic energy                         100 eV 
Lowest muon/hadron kinetic energy                  1 keV
Use ICRU90 data                                    1
Fluctuations of dE/dx are enabled                  1
Type of fluctuation model for leptons and hadrons  Urban
Use built-in Birks satuaration                     0
Build CSDA range enabled                           0
Use cut as a final range enabled                   0
Enable angular generator interface                 1
Max kinetic energy for CSDA tables                 1 GeV
Max kinetic energy for NIEL computation            1 MeV
Linear loss limit                                  0.01
Read data from file for e+e- pair production by mu 0
=======================================================================
======                 Multiple Scattering Parameters          ========
=======================================================================
Type of msc step limit algorithm for e+-           2
Type of msc step limit algorithm for muons/hadrons 0
Msc lateral displacement for e+- enabled           1
Msc lateral displacement for muons and hadrons     1
Urban msc model lateral displacement alg96         1
Range factor for msc step limit for e+-            0.08
Range factor for msc step limit for muons/hadrons  0.2
Geometry factor for msc step limitation of e+-     2.5
Safety factor for msc step limit for e+-           0.6
Skin parameter for msc step limitation of e+-      3
Lambda limit for msc step limit for e+-            1 mm
Use Mott correction for e- scattering              1
Factor used for dynamic computation of angular 
  limit between single and multiple scattering     1
Fixed angular limit between single 
  and multiple scattering                          3.1416 rad
Upper energy limit for e+- multiple scattering     100 MeV
Type of electron single scattering model           0
Type of nuclear form-factor                        1
Screening factor                                   1
=======================================================================
======                 Atomic Deexcitation Parameters          ========
=======================================================================
Fluorescence enabled                               1
Directory in G4LEDATA for fluorescence data files  fluor
Auger electron cascade enabled                     1
PIXE atomic de-excitation enabled                  0
De-excitation module ignores cuts                  1
Type of PIXE cross section for hadrons             Empirical
Type of PIXE cross section for e+-                 Livermore
=======================================================================

### ===  Deexcitation model UAtomDeexcitation is activated for 1 region:
          DefaultRegionForTheWorld  1  1  0
### ===  Auger flag: 1
### ===  Ignore cuts flag:   1
/var/spool/slurmd/job43416372/slurm_script: line 48: 3692735 Segmentation fault      (core dumped) ./AmBeStack "run.mac"
