GCCcore/11.3.0
zlib/1.2.12-GCCcore-11.3.0
binutils/2.38-GCCcore-11.3.0
GCC/11.3.0
expat/2.4.8-GCCcore-11.3.0
CLHEP/2.4.6.2-GCC-11.3.0
OpenSSL/1.1
cURL/7.83.0-GCCcore-11.3.0
Xerces-C++/3.2.4-GCCcore-11.3.0
double-conversion/3.2.0-GCCcore-11.3.0
libffi/3.4.2-GCCcore-11.3.0
XZ/5.2.5-GCCcore-11.3.0
libxml2/2.9.13-GCCcore-11.3.0
ncurses/6.3-GCCcore-11.3.0
gettext/0.21-GCCcore-11.3.0
libxml2/2.9.13-GCCcore-11.3.0
bzip2/1.0.8-GCCcore-11.3.0
PCRE/8.45-GCCcore-11.3.0
util-linux/2.38-GCCcore-11.3.0
GLib/2.72.1-GCCcore-11.3.0
PCRE2/10.40-GCCcore-11.3.0
libpng/1.6.37-GCCcore-11.3.0
ICU/71.1-GCCcore-11.3.0
Brotli/1.0.9-GCCcore-11.3.0
freetype/2.12.1-GCCcore-11.3.0
pixman/0.40.0-GCCcore-11.3.0
fontconfig/2.14.0-GCCcore-11.3.0
xorg-macros/1.19.3-GCCcore-11.3.0
libpciaccess/0.16-GCCcore-11.3.0
X11/20220504-GCCcore-11.3.0
cairo/1.17.4-GCCcore-11.3.0
freetype/2.12.1-GCCcore-11.3.0
HarfBuzz/4.2.1-GCCcore-11.3.0
graphite2/1.3.14-GCCcore-11.3.0
X11/20220504-GCCcore-11.3.0
fontconfig/2.14.0-GCCcore-11.3.0
DBus/1.14.0-GCCcore-11.3.0
libevent/2.1.12-GCCcore-11.3.0
gzip/1.12-GCCcore-11.3.0
lz4/1.9.3-GCCcore-11.3.0
zstd/1.5.2-GCCcore-11.3.0
libdrm/2.4.110-GCCcore-11.3.0
libglvnd/1.4.0-GCCcore-11.3.0
libunwind/1.6.2-GCCcore-11.3.0
LLVM/12.0.1-GCCcore-11.3.0
Mesa/22.0.3-GCCcore-11.3.0
libGLU/9.0.2-GCCcore-11.3.0
NASM/2.15.05-GCCcore-11.3.0
libjpeg-turbo/2.1.3-GCCcore-11.3.0
NSPR/4.34-GCCcore-11.3.0
NSS/3.79-GCCcore-11.3.0
snappy/1.1.9-GCCcore-11.3.0
JasPer/2.0.33-GCCcore-11.3.0
bzip2/1.0.8-GCCcore-11.3.0
ICU/71.1-GCCcore-11.3.0
nodejs/16.15.1-GCCcore-11.3.0
Qt5/5.15.5-GCCcore-11.3.0
Geant4-data/11.1
Geant4/11.1.2-GCC-11.3.0
Geant4-data/11.1
libarchive/3.6.1-GCCcore-11.3.0
CMake/3.24.3-GCCcore-11.3.0
Loaded Geant and CMake
-- The C compiler identification is GNU 11.3.0
-- The CXX compiler identification is GNU 11.3.0
-- Detecting C compiler ABI info
-- Detecting C compiler ABI info - done
-- Check for working C compiler: /rds/bear-apps/2022a/EL8-ice/software/GCCcore/11.3.0/bin/cc - skipped
-- Detecting C compile features
-- Detecting C compile features - done
-- Detecting CXX compiler ABI info
-- Detecting CXX compiler ABI info - done
-- Check for working CXX compiler: /rds/bear-apps/2022a/EL8-ice/software/GCCcore/11.3.0/bin/c++ - skipped
-- Detecting CXX compile features
-- Detecting CXX compile features - done
-- Found EXPAT: /rds/bear-apps/2022a/EL8-ice/software/expat/2.4.8-GCCcore-11.3.0/lib/libexpat.so (found suitable version "2.4.8", minimum required is "2.4.8") 
-- Found ZLIB: /rds/bear-apps/2022a/EL8-ice/software/zlib/1.2.12-GCCcore-11.3.0/lib/libz.so (found suitable version "1.2.12", minimum required is "1.2.12") 
-- Performing Test CMAKE_HAVE_LIBC_PTHREAD
-- Performing Test CMAKE_HAVE_LIBC_PTHREAD - Failed
-- Check if compiler accepts -pthread
-- Check if compiler accepts -pthread - yes
-- Found Threads: TRUE  
-- Found XercesC: /rds/bear-apps/2022a/EL8-ice/software/Xerces-C++/3.2.4-GCCcore-11.3.0/lib/libxerces-c.so (found suitable version "3.2.4", minimum required is "3.2.4") 
-- Found X11: /rds/bear-apps/2022a/EL8-ice/software/X11/20220504-GCCcore-11.3.0/include   
-- Looking for XOpenDisplay in /rds/bear-apps/2022a/EL8-ice/software/X11/20220504-GCCcore-11.3.0/lib/libX11.so;/rds/bear-apps/2022a/EL8-ice/software/X11/20220504-GCCcore-11.3.0/lib/libXext.so
-- Looking for XOpenDisplay in /rds/bear-apps/2022a/EL8-ice/software/X11/20220504-GCCcore-11.3.0/lib/libX11.so;/rds/bear-apps/2022a/EL8-ice/software/X11/20220504-GCCcore-11.3.0/lib/libXext.so - found
-- Looking for gethostbyname
-- Looking for gethostbyname - found
-- Looking for connect
-- Looking for connect - found
-- Looking for remove
-- Looking for remove - found
-- Looking for shmat
-- Looking for shmat - found
-- Looking for IceConnectionNumber in ICE
-- Looking for IceConnectionNumber in ICE - found
-- Found OpenGL: /rds/bear-apps/2022a/EL8-ice/software/libglvnd/1.4.0-GCCcore-11.3.0/lib/libOpenGL.so   
-- Found Geant4: /rds/bear-apps/2022a/EL8-ice/software/Geant4/11.1.2-GCC-11.3.0/lib64/cmake/Geant4/Geant4Config.cmake (found version "11.1.2") 
-- Configuring done
-- Generating done
-- Build files have been written to: /rds/projects/b/bishopjw-dli-neutron/John/Geant/AmBe/build
[ 12%] Building CXX object CMakeFiles/AmBeStack.dir/AmBeMain.cc.o
[ 25%] Building CXX object CMakeFiles/AmBeStack.dir/src/ActionInitialization.cc.o
[ 37%] Building CXX object CMakeFiles/AmBeStack.dir/src/DetectorConstruction.cc.o
[ 50%] Building CXX object CMakeFiles/AmBeStack.dir/src/EventAction.cc.o
/rds/projects/b/bishopjw-dli-neutron/John/Geant/AmBe/src/EventAction.cc: In member function ‘virtual void AmBeStack::EventAction::BeginOfEventAction(const G4Event*)’:
/rds/projects/b/bishopjw-dli-neutron/John/Geant/AmBe/src/EventAction.cc:35:9: error: ‘eventIDMap’ was not declared in this scope
   35 |         eventIDMap.clear(); // new event ID
      |         ^~~~~~~~~~
/rds/projects/b/bishopjw-dli-neutron/John/Geant/AmBe/src/EventAction.cc:36:9: error: ‘totEventEdepMap’ was not declared in this scope
   36 |         totEventEdepMap.clear(); // new tot energy deposited from the event
      |         ^~~~~~~~~~~~~~~
/rds/projects/b/bishopjw-dli-neutron/John/Geant/AmBe/src/EventAction.cc: In member function ‘virtual void AmBeStack::EventAction::EndOfEventAction(const G4Event*)’:
/rds/projects/b/bishopjw-dli-neutron/John/Geant/AmBe/src/EventAction.cc:64:30: error: ‘using G4AnalysisManager = class G4GenericAnalysisManager’ {aka ‘class G4GenericAnalysisManager’} has no member named ‘FillNTupleIColumn’; did you mean ‘FillNtupleIColumn’?
   64 |             analysisManager->FillNTupleIColumn(0, eventID); // column 0, unique event ID (integer)
      |                              ^~~~~~~~~~~~~~~~~
      |                              FillNtupleIColumn
/rds/projects/b/bishopjw-dli-neutron/John/Geant/AmBe/src/EventAction.cc:65:30: error: ‘using G4AnalysisManager = class G4GenericAnalysisManager’ {aka ‘class G4GenericAnalysisManager’} has no member named ‘FillNTupleDColumn’; did you mean ‘FillNtupleDColumn’?
   65 |             analysisManager->FillNTupleDColumn(1, fEdep); // column 1, total event energy deposition
      |                              ^~~~~~~~~~~~~~~~~
      |                              FillNtupleDColumn
/rds/projects/b/bishopjw-dli-neutron/John/Geant/AmBe/src/EventAction.cc:66:30: error: ‘using G4AnalysisManager = class G4GenericAnalysisManager’ {aka ‘class G4GenericAnalysisManager’} has no member named ‘FillNTupleSColumn’; did you mean ‘FillNtupleSColumn’?
   66 |             analysisManager->FillNTupleSColumn(2, "No_recoil"); // column 2, would've been recoil nuclei name
      |                              ^~~~~~~~~~~~~~~~~
      |                              FillNtupleSColumn
/rds/projects/b/bishopjw-dli-neutron/John/Geant/AmBe/src/EventAction.cc:67:30: error: ‘using G4AnalysisManager = class G4GenericAnalysisManager’ {aka ‘class G4GenericAnalysisManager’} has no member named ‘FillNTupleDColumn’; did you mean ‘FillNtupleDColumn’?
   67 |             analysisManager->FillNTupleDColumn(3, 0.0); // column 3, recoil energy (none here)
      |                              ^~~~~~~~~~~~~~~~~
      |                              FillNtupleDColumn
/rds/projects/b/bishopjw-dli-neutron/John/Geant/AmBe/src/EventAction.cc:69:30: error: ‘using G4AnalysisManager = class G4GenericAnalysisManager’ {aka ‘class G4GenericAnalysisManager’} has no member named ‘AddNTupleRow’; did you mean ‘AddNtupleRow’?
   69 |             analysisManager->AddNTupleRow();
      |                              ^~~~~~~~~~~~
      |                              AddNtupleRow
/rds/projects/b/bishopjw-dli-neutron/John/Geant/AmBe/src/EventAction.cc:89:34: error: ‘using G4AnalysisManager = class G4GenericAnalysisManager’ {aka ‘class G4GenericAnalysisManager’} has no member named ‘FillNTupleIColumn’; did you mean ‘FillNtupleIColumn’?
   89 |                 analysisManager->FillNTupleIColumn(0, eventID);
      |                                  ^~~~~~~~~~~~~~~~~
      |                                  FillNtupleIColumn
/rds/projects/b/bishopjw-dli-neutron/John/Geant/AmBe/src/EventAction.cc:90:34: error: ‘using G4AnalysisManager = class G4GenericAnalysisManager’ {aka ‘class G4GenericAnalysisManager’} has no member named ‘FillNTupleDColumn’; did you mean ‘FillNtupleDColumn’?
   90 |                 analysisManager->FillNTupleDColumn(1, fEdep);
      |                                  ^~~~~~~~~~~~~~~~~
      |                                  FillNtupleDColumn
/rds/projects/b/bishopjw-dli-neutron/John/Geant/AmBe/src/EventAction.cc:91:34: error: ‘using G4AnalysisManager = class G4GenericAnalysisManager’ {aka ‘class G4GenericAnalysisManager’} has no member named ‘FillNTupleSColumn’; did you mean ‘FillNtupleSColumn’?
   91 |                 analysisManager->FillNTupleSColumn(2, recoilName);
      |                                  ^~~~~~~~~~~~~~~~~
      |                                  FillNtupleSColumn
/rds/projects/b/bishopjw-dli-neutron/John/Geant/AmBe/src/EventAction.cc:92:34: error: ‘using G4AnalysisManager = class G4GenericAnalysisManager’ {aka ‘class G4GenericAnalysisManager’} has no member named ‘FillNTupleDColumn’; did you mean ‘FillNtupleDColumn’?
   92 |                 analysisManager->FillNTupleDColumn(3, recoilEdep);
      |                                  ^~~~~~~~~~~~~~~~~
      |                                  FillNtupleDColumn
/rds/projects/b/bishopjw-dli-neutron/John/Geant/AmBe/src/EventAction.cc:95:34: error: ‘using G4AnalysisManager = class G4GenericAnalysisManager’ {aka ‘class G4GenericAnalysisManager’} has no member named ‘AddNTupleRow’; did you mean ‘AddNtupleRow’?
   95 |                 analysisManager->AddNTupleRow();
      |                                  ^~~~~~~~~~~~
      |                                  AddNtupleRow
make[2]: *** [CMakeFiles/AmBeStack.dir/build.make:118: CMakeFiles/AmBeStack.dir/src/EventAction.cc.o] Error 1
make[1]: *** [CMakeFiles/Makefile2:83: CMakeFiles/AmBeStack.dir/all] Error 2
make: *** [Makefile:91: all] Error 2
