Performing C SOURCE FILE Test CMAKE_HAVE_LIBC_PTHREAD failed with the following output:
Change Dir: /rds/projects/b/bishopjw-dli-neutron/John/Geant/AmBe/build/CMakeFiles/CMakeTmp

Run Build Command(s):/usr/bin/gmake -f Makefile cmTC_fcddd/fast && /usr/bin/gmake  -f CMakeFiles/cmTC_fcddd.dir/build.make CMakeFiles/cmTC_fcddd.dir/build
gmake[1]: Entering directory '/rds/projects/b/bishopjw-dli-neutron/John/Geant/AmBe/build/CMakeFiles/CMakeTmp'
Building C object CMakeFiles/cmTC_fcddd.dir/src.c.o
/rds/bear-apps/2022a/EL8-ice/software/GCCcore/11.3.0/bin/cc -DCMAKE_HAVE_LIBC_PTHREAD   -o CMakeFiles/cmTC_fcddd.dir/src.c.o -c /rds/projects/b/bishopjw-dli-neutron/John/Geant/AmBe/build/CMakeFiles/CMakeTmp/src.c
Linking C executable cmTC_fcddd
/rds/bear-apps/2022a/EL8-ice/software/CMake/3.24.3-GCCcore-11.3.0/bin/cmake -E cmake_link_script CMakeFiles/cmTC_fcddd.dir/link.txt --verbose=1
/rds/bear-apps/2022a/EL8-ice/software/GCCcore/11.3.0/bin/cc CMakeFiles/cmTC_fcddd.dir/src.c.o -o cmTC_fcddd 
/rds/bear-apps/2022a/EL8-ice/software/binutils/2.38-GCCcore-11.3.0/bin/ld: CMakeFiles/cmTC_fcddd.dir/src.c.o: in function `main':
src.c:(.text+0x2d): undefined reference to `pthread_create'
/rds/bear-apps/2022a/EL8-ice/software/binutils/2.38-GCCcore-11.3.0/bin/ld: src.c:(.text+0x39): undefined reference to `pthread_detach'
/rds/bear-apps/2022a/EL8-ice/software/binutils/2.38-GCCcore-11.3.0/bin/ld: src.c:(.text+0x45): undefined reference to `pthread_cancel'
/rds/bear-apps/2022a/EL8-ice/software/binutils/2.38-GCCcore-11.3.0/bin/ld: src.c:(.text+0x56): undefined reference to `pthread_join'
collect2: error: ld returned 1 exit status
gmake[1]: *** [CMakeFiles/cmTC_fcddd.dir/build.make:99: cmTC_fcddd] Error 1
gmake[1]: Leaving directory '/rds/projects/b/bishopjw-dli-neutron/John/Geant/AmBe/build/CMakeFiles/CMakeTmp'
gmake: *** [Makefile:127: cmTC_fcddd/fast] Error 2


Source file was:
#include <pthread.h>

static void* test_func(void* data)
{
  return data;
}

int main(void)
{
  pthread_t thread;
  pthread_create(&thread, NULL, test_func, NULL);
  pthread_detach(thread);
  pthread_cancel(thread);
  pthread_join(thread, NULL);
  pthread_atfork(NULL, NULL, NULL);
  pthread_exit(NULL);

  return 0;
}

